// Jest Snapshot v1, https://goo.gl/fbAQLP

exports[`Nav renders the navbar 1`] = `
<DocumentFragment>
  <header
    class="sc-AxjAm fZKPBO"
  >
    <div
      class="sc-AxiKw euhydl"
    >
      <h1
        class="sc-AxirZ kSbHJV"
      >
        ᶘ ᵒᴥᵒᶅ Code Bear
      </h1>
    </div>
    <div
      class="sc-AxhCb kamvmT"
    >
      <a
        class="sc-AxhUy czQYyC"
        href="/about"
      >
        About
      </a>
      <a
        class="sc-AxhUy czQYyC"
        href="/projects"
      >
        Projects
      </a>
      <a
        class="sc-AxhUy czQYyC"
        href="/contact"
      >
        Contact
      </a>
    </div>
  </header>
</DocumentFragment>
`;
