// Jest Snapshot v1, https://goo.gl/fbAQLP

exports[`Nav renders the navbar 1`] = `
<DocumentFragment>
  <nav
    class="sc-AxjAm fZKPBO"
  >
    <a
      class="sc-AxirZ dFhmal"
      href="/about"
    >
      About
    </a>
    <a
      class="sc-AxirZ dFhmal"
      href="/projects"
    >
      Projects
    </a>
    <a
      class="sc-AxirZ dFhmal"
      href="/contact"
    >
      Contact
    </a>
  </nav>
</DocumentFragment>
`;
